{
  "version": "1.5.47",
  "plugins_used": [
    {
      "name": "ArtifactoryDetector"
    },
    {
      "name": "AWSKeyDetector"
    },
    {
      "name": "AzureStorageKeyDetector"
    },
    {
      "name": "Base64HighEntropyString",
      "limit": 4.5
    },
    {
      "name": "BasicAuthDetector"
    },
    {
      "name": "CloudantDetector"
    },
    {
      "name": "DiscordBotTokenDetector"
    },
    {
      "name": "GitHubTokenDetector"
    },
    {
      "name": "HexHighEntropyString",
      "limit": 3.0
    },
    {
      "name": "IbmCloudIamDetector"
    },
    {
      "name": "IbmCosHmacDetector"
    },
    {
      "name": "JwtTokenDetector"
    },
    {
      "name": "KeywordDetector",
      "keyword_exclude": ""
    },
    {
      "name": "MailchimpDetector"
    },
    {
      "name": "NpmDetector"
    },
    {
      "name": "PrivateKeyDetector"
    },
    {
      "name": "SendGridDetector"
    },
    {
      "name": "SlackDetector"
    },
    {
      "name": "SoftlayerDetector"
    },
    {
      "name": "SquareOAuthDetector"
    },
    {
      "name": "StripeDetector"
    },
    {
      "name": "TwilioKeyDetector"
    }
  ],
  "filters_used": [
    {
      "path": "detect_secrets.filters.allowlist.is_line_allowlisted"
    },
    {
      "path": "detect_secrets.filters.common.is_ignored_due_to_verification_policies",
      "min_level": 2
    },
    {
      "path": "detect_secrets.filters.heuristic.is_indirect_reference"
    },
    {
      "path": "detect_secrets.filters.heuristic.is_likely_id_string"
    },
    {
      "path": "detect_secrets.filters.heuristic.is_lock_file"
    },
    {
      "path": "detect_secrets.filters.heuristic.is_not_alphanumeric_string"
    },
    {
      "path": "detect_secrets.filters.heuristic.is_potential_uuid"
    },
    {
      "path": "detect_secrets.filters.heuristic.is_prefixed_with_dollar_sign"
    },
    {
      "path": "detect_secrets.filters.heuristic.is_sequential_string"
    },
    {
      "path": "detect_secrets.filters.heuristic.is_swagger_file"
    },
    {
      "path": "detect_secrets.filters.heuristic.is_templated_secret"
    }
  ],
  "results": {
    ".terraform.lock.hcl": [
      {
        "type": "Base64 High Entropy String",
        "filename": ".terraform.lock.hcl",
        "hashed_secret": "cc5f67b843431f50e7a58e29d21ce1dd2421a66b",
        "is_verified": false,
        "line_number": 8,
        "is_added": false,
        "is_removed": false
      },
      {
        "type": "Hex High Entropy String",
        "filename": ".terraform.lock.hcl",
        "hashed_secret": "4a74b2dd375cf2f2a3e5572f513fb9cad5d45759",
        "is_verified": false,
        "line_number": 9,
        "is_added": false,
        "is_removed": false
      },
      {
        "type": "Hex High Entropy String",
        "filename": ".terraform.lock.hcl",
        "hashed_secret": "55fc5815194e49a0e161eb8f9898dda38677ae7c",
        "is_verified": false,
        "line_number": 10,
        "is_added": false,
        "is_removed": false
      },
      {
        "type": "Hex High Entropy String",
        "filename": ".terraform.lock.hcl",
        "hashed_secret": "b321a2f881b794ecc5459b5b64469e71ed8b1c45",
        "is_verified": false,
        "line_number": 11,
        "is_added": false,
        "is_removed": false
      },
      {
        "type": "Hex High Entropy String",
        "filename": ".terraform.lock.hcl",
        "hashed_secret": "39b627b0aa6d72c1a3eae0d6a9bf7489a1b99dd4",
        "is_verified": false,
        "line_number": 12,
        "is_added": false,
        "is_removed": false
      },
      {
        "type": "Hex High Entropy String",
        "filename": ".terraform.lock.hcl",
        "hashed_secret": "c1cffe40df9a818f32b4ab5003b374db28cdba0e",
        "is_verified": false,
        "line_number": 13,
        "is_added": false,
        "is_removed": false
      },
      {
        "type": "Hex High Entropy String",
        "filename": ".terraform.lock.hcl",
        "hashed_secret": "2a18dade00b9d943104402de2562b28ed963c49b",
        "is_verified": false,
        "line_number": 14,
        "is_added": false,
        "is_removed": false
      },
      {
        "type": "Hex High Entropy String",
        "filename": ".terraform.lock.hcl",
        "hashed_secret": "17440d98301cac49c8fede4f3c72d6ae78648ce5",
        "is_verified": false,
        "line_number": 15,
        "is_added": false,
        "is_removed": false
      },
      {
        "type": "Hex High Entropy String",
        "filename": ".terraform.lock.hcl",
        "hashed_secret": "f3ce7fdeedfdd7d697a70a809766348f50dac73f",
        "is_verified": false,
        "line_number": 16,
        "is_added": false,
        "is_removed": false
      },
      {
        "type": "Hex High Entropy String",
        "filename": ".terraform.lock.hcl",
        "hashed_secret": "86b379454c3df3efeb8b6c708abeaee65e87edb2",
        "is_verified": false,
        "line_number": 17,
        "is_added": false,
        "is_removed": false
      }
    ]
  },
  "generated_at": "2026-09-17T16:33:39Z"
}
