{
  "version": "1.5.47",
  "plugins_used": [
    {
      "name": "ArtifactoryDetector"
    },
    {
      "name": "AWSKeyDetector"
    },
    {
      "name": "AzureStorageKeyDetector"
    },
    {
      "name": "Base64HighEntropyString",
      "limit": 4.5
    },
    {
      "name": "BasicAuthDetector"
    },
    {
      "name": "CloudantDetector"
    },
    {
      "name": "DiscordBotTokenDetector"
    },
    {
      "name": "GitHubTokenDetector"
    },
    {
      "name": "HexHighEntropyString",
      "limit": 3.0
    },
    {
      "name": "IbmCloudIamDetector"
    },
    {
      "name": "IbmCosHmacDetector"
    },
    {
      "name": "JwtTokenDetector"
    },
    {
      "name": "KeywordDetector",
      "keyword_exclude": ""
    },
    {
      "name": "MailchimpDetector"
    },
    {
      "name": "NpmDetector"
    },
    {
      "name": "PrivateKeyDetector"
    },
    {
      "name": "SendGridDetector"
    },
    {
      "name": "SlackDetector"
    },
    {
      "name": "SoftlayerDetector"
    },
    {
      "name": "SquareOAuthDetector"
    },
    {
      "name": "StripeDetector"
    },
    {
      "name": "TwilioKeyDetector"
    }
  ],
  "filters_used": [
    {
      "path": "detect_secrets.filters.allowlist.is_line_allowlisted"
    },
    {
      "path": "detect_secrets.filters.common.is_ignored_due_to_verification_policies",
      "min_level": 2
    },
    {
      "path": "detect_secrets.filters.heuristic.is_indirect_reference"
    },
    {
      "path": "detect_secrets.filters.heuristic.is_likely_id_string"
    },
    {
      "path": "detect_secrets.filters.heuristic.is_lock_file"
    },
    {
      "path": "detect_secrets.filters.heuristic.is_not_alphanumeric_string"
    },
    {
      "path": "detect_secrets.filters.heuristic.is_potential_uuid"
    },
    {
      "path": "detect_secrets.filters.heuristic.is_prefixed_with_dollar_sign"
    },
    {
      "path": "detect_secrets.filters.heuristic.is_sequential_string"
    },
    {
      "path": "detect_secrets.filters.heuristic.is_swagger_file"
    },
    {
      "path": "detect_secrets.filters.heuristic.is_templated_secret"
    }
  ],
  "results": {
    ".terraform.lock.hcl": [
      {
        "type": "Base64 High Entropy String",
        "filename": ".terraform.lock.hcl",
        "hashed_secret": "582027d7b6170b4ded47d49c249db7a8d52b5909",
        "is_verified": false,
        "line_number": 8,
        "is_added": false,
        "is_removed": false
      },
      {
        "type": "Hex High Entropy String",
        "filename": ".terraform.lock.hcl",
        "hashed_secret": "c8a31bd30d4251d054f16dff7b20c0d3a6548668",
        "is_verified": false,
        "line_number": 9,
        "is_added": false,
        "is_removed": false
      },
      {
        "type": "Hex High Entropy String",
        "filename": ".terraform.lock.hcl",
        "hashed_secret": "d81798a15f37dbcc9dea14ebabb3feef8861b8f4",
        "is_verified": false,
        "line_number": 10,
        "is_added": false,
        "is_removed": false
      },
      {
        "type": "Hex High Entropy String",
        "filename": ".terraform.lock.hcl",
        "hashed_secret": "5badeae0f9e73d769c4207c83a6b600745fd8660",
        "is_verified": false,
        "line_number": 11,
        "is_added": false,
        "is_removed": false
      },
      {
        "type": "Hex High Entropy String",
        "filename": ".terraform.lock.hcl",
        "hashed_secret": "c6f32ea9a13cdf6f6f66ddc8b946cbb73cb13e67",
        "is_verified": false,
        "line_number": 12,
        "is_added": false,
        "is_removed": false
      },
      {
        "type": "Hex High Entropy String",
        "filename": ".terraform.lock.hcl",
        "hashed_secret": "0534cd09c29b47b5803342c0c796ab5a0f1541b9",
        "is_verified": false,
        "line_number": 13,
        "is_added": false,
        "is_removed": false
      },
      {
        "type": "Hex High Entropy String",
        "filename": ".terraform.lock.hcl",
        "hashed_secret": "3c1ac4b0f89fe383e60fa256e14b5b2b0596cf87",
        "is_verified": false,
        "line_number": 14,
        "is_added": false,
        "is_removed": false
      },
      {
        "type": "Hex High Entropy String",
        "filename": ".terraform.lock.hcl",
        "hashed_secret": "92e8b542418d3b082b42aa4d944b6acbb084a9d7",
        "is_verified": false,
        "line_number": 15,
        "is_added": false,
        "is_removed": false
      },
      {
        "type": "Hex High Entropy String",
        "filename": ".terraform.lock.hcl",
        "hashed_secret": "837487a40f50f84b64ebeca5ecb5fd2f20c5dcd7",
        "is_verified": false,
        "line_number": 16,
        "is_added": false,
        "is_removed": false
      },
      {
        "type": "Hex High Entropy String",
        "filename": ".terraform.lock.hcl",
        "hashed_secret": "f3ce7fdeedfdd7d697a70a809766348f50dac73f",
        "is_verified": false,
        "line_number": 17,
        "is_added": false,
        "is_removed": false
      }
    ]
  },
  "generated_at": "2026-09-09T23:59:40Z"
}
